// Jest Snapshot v1, https://goo.gl/fbAQLP

exports[`StackedNotification render renders correctly 1`] = `
<ToastNotification
  caption=""
  className="security--stacked-notification"
  hideCloseButton={false}
  iconDescription="Close notification"
  kind="info"
  notificationType="toast"
  onClick={[Function]}
  onCloseButtonClick={[Function]}
  role="alert"
  subtitle="Roius abnta mod tempor adsfiso incidfid idunt ut labnt empor uilt labnore..."
  timeout={0}
  title="You have 4 unread notifications"
/>
`;

exports[`StackedNotification render renders the HTML of the node's subtree 1`] = `
<div
  class="bx--toast-notification bx--toast-notification--info security--stacked-notification"
  kind="info"
  role="alert"
  timeout="0"
>
  <div
    class="bx--toast-notification__details"
  >
    <h3
      class="bx--toast-notification__title"
    >
      You have 4 unread notifications
    </h3>
    <div
      class="bx--toast-notification__subtitle"
    >
      Roius abnta mod tempor adsfiso incidfid idunt ut labnt empor uilt labnore...
    </div>
    <div
      class="bx--toast-notification__caption"
    />
  </div>
  <button
    aria-label="Close notification"
    class="bx--toast-notification__close-button"
    title="Close notification"
    type="button"
  >
    <svg
      aria-label="close notification"
      class="bx--toast-notification__close-icon"
      focusable="false"
      height="20"
      preserveAspectRatio="xMidYMid meet"
      role="img"
      style="will-change:transform"
      viewBox="0 0 32 32"
      width="20"
      xmlns="http://www.w3.org/2000/svg"
    >
      <path
        d="M24 9.4L22.6 8 16 14.6 9.4 8 8 9.4 14.6 16 8 22.6 9.4 24 16 17.4 22.6 24 24 22.6 17.4 16 24 9.4z"
      />
    </svg>
  </button>
</div>
`;
