// Jest Snapshot v1, https://goo.gl/fbAQLP

exports[`Transition renders correctly 1`] = `
<TransitionGroup
  childFactory={[Function]}
  className="security--transition"
  component={[Function]}
>
  <CSSTransition
    classNames={
      Object {
        "appear": "class__transition--appear",
        "appearActive": "class__transition--appear--active",
        "enter": "class__transition--enter",
        "enterActive": "class__transition--enter--active",
        "exit": "class__transition--leave",
        "exitActive": "class__transition--leave--active",
      }
    }
    key=".0"
    timeout={
      Object {
        "appear": 160,
        "enter": 160,
        "exit": 160,
      }
    }
  >
    <span>
      Label
    </span>
  </CSSTransition>
</TransitionGroup>
`;
