// Jest Snapshot v1, https://goo.gl/fbAQLP

exports[`DelimitedList renders correctly 1`] = `
<div
  className="security--delimited-list"
>
  <div
    className="security--delimited-list__value security--delimited-list__value--truncated"
  >
    Item 1, Item 2, Item 3, Item 4, Item 5, Item 6, Item 7, Item 8, Item 9, Item 10
  </div>
</div>
`;
