// Jest Snapshot v1, https://goo.gl/fbAQLP

exports[`TimeIndicator renders 1`] = `
<span
  class="security--time-indicator"
>
  <svg
    aria-hidden="true"
    class="security--time-indicator__icon"
    focusable="false"
    height="16"
    preserveAspectRatio="xMidYMid meet"
    style="will-change: transform;"
    viewBox="0 0 32 32"
    width="16"
    xmlns="http://www.w3.org/2000/svg"
  >
    <path
      d="M16,30A14,14,0,1,1,30,16,14,14,0,0,1,16,30ZM16,4A12,12,0,1,0,28,16,12,12,0,0,0,16,4Z"
    />
    <path
      d="M20.59 22L15 16.41 15 7 17 7 17 15.58 22 20.59 20.59 22z"
    />
  </svg>
  10 minute setup
</span>
`;
