// Jest Snapshot v1, https://goo.gl/fbAQLP

exports[`NavItem Rendering renders correctly 1`] = `
<li
  className="security--nav__list__item class security--nav__list__item--active"
  label=""
  onClick={[Function]}
  onKeyPress={[Function]}
  role="menuitem"
>
  <NavItemLink
    className="security--nav__list__item__link"
    element="a"
    href="#"
    id="security--nav__list__item"
    tabIndex={0}
  >
    Label
  </NavItemLink>
</li>
`;

exports[`NavItem Rendering renders the HTML of the node's subtree 1`] = `
<li
  class="security--nav__list__item class security--nav__list__item--active"
  label=""
  role="menuitem"
>
  <a
    class="security--nav__list__item__link"
    href="#"
    id="security--nav__list__item"
    tabindex="0"
  >
    Label
  </a>
</li>
`;
