// Jest Snapshot v1, https://goo.gl/fbAQLP

exports[`HeaderNotification Rendering renders correctly 1`] = `
<div
  className="security--header__notification"
  role="alert"
>
  <a
    className="security--header__notification__content"
  >
    <span
      className="security--header__notification__details"
    >
      <time
        className="security--header__notification__time"
        dateTime="Fri Dec 21 2018 18:57:08 GMT-0600 (Central Standard Time)"
      >
        <isc-rel-time
          datetime="Fri Dec 21 2018 18:57:08 GMT-0600 (Central Standard Time)"
        />
      </time>
       via Application 3
    </span>
    <StringFormatter
      className="security--header__notification__description"
      lines={2}
      tooltipDirection="bottom"
      truncate={true}
      value="A new request requires approval."
      width={null}
    />
  </a>
  <div
    className="security--header__notification__wrapper"
  >
    <button
      aria-label="Clear"
      className="security--header__notification__button"
      onClick={[MockFunction]}
    >
      <Icon
        className=""
        path={null}
        renderIcon={
          Object {
            "$$typeof": Symbol(react.forward_ref),
            "render": [Function],
          }
        }
        size={20}
        viewBox="0 0 32 32"
      />
    </button>
  </div>
</div>
`;
