// Jest Snapshot v1, https://goo.gl/fbAQLP

exports[`FilterPanelUtilities getFilterCategoriesArray gets array of categories 1`] = `
Array [
  Object {
    "count": 260,
    "id": "DEFAULT",
    "name": "Category",
    "subcategories": Array [
      "DEFAULT",
      "TRUNCATED",
      "NO_FILTERS",
      "ZERO_FILTERS_COUNT",
      "OPEN",
    ],
  },
  Object {
    "count": 0,
    "id": "NO_SUBCATEGORIES",
    "name": "Category with no subcategories",
    "subcategories": Array [],
  },
  Object {
    "count": 0,
    "id": "NO_FILTERS",
    "name": "Category with no filters",
    "subcategories": Array [
      "NO_FILTERS",
    ],
  },
  Object {
    "count": 247,
    "id": "CATEGORY_2",
    "name": "Category 2",
    "subcategories": Array [
      "CATEGORY_2:SUBCATEGORY_1",
      "CATEGORY_2:SUBCATEGORY_2",
      "CATEGORY_2:SUBCATEGORY_3",
      "CATEGORY_2:SUBCATEGORY_4",
      "CATEGORY_2:SUBCATEGORY_5",
      "CATEGORY_2:SUBCATEGORY_6",
    ],
  },
]
`;

exports[`FilterPanelUtilities getFilterSubcategoriesArray gets array of subcategories 1`] = `
Array [
  Object {
    "count": 30,
    "filters": Array [
      "DEFAULT",
      "LONG_TEXT",
      "SELECTED",
    ],
    "id": "DEFAULT",
    "name": "Subcategory",
    "parent": "DEFAULT",
  },
  Object {
    "count": 200,
    "filters": Array [
      "TRUNCATED:FILTER_1",
      "TRUNCATED:FILTER_2",
      "TRUNCATED:FILTER_3",
      "TRUNCATED:FILTER_4",
      "TRUNCATED:FILTER_5",
      "TRUNCATED:FILTER_6",
      "TRUNCATED:FILTER_7",
      "TRUNCATED:FILTER_8",
      "TRUNCATED:FILTER_9",
      "TRUNCATED:FILTER_10",
      "TRUNCATED:FILTER_11",
      "TRUNCATED:FILTER_12",
      "TRUNCATED:FILTER_13",
      "TRUNCATED:FILTER_14",
      "TRUNCATED:FILTER_15",
      "TRUNCATED:FILTER_16",
      "TRUNCATED:FILTER_17",
      "TRUNCATED:FILTER_18",
      "TRUNCATED:FILTER_19",
      "TRUNCATED:FILTER_20",
    ],
    "id": "TRUNCATED",
    "name": "Truncated subcategory",
    "parent": "DEFAULT",
  },
  Object {
    "count": 0,
    "filters": Array [],
    "id": "NO_FILTERS",
    "name": "Subcategory with no filters",
    "parent": "DEFAULT",
  },
  Object {
    "count": 0,
    "filters": Array [
      "ZERO_FILTERS_COUNT:FILTER_1",
      "ZERO_FILTERS_COUNT:FILTER_2",
      "ZERO_FILTERS_COUNT:FILTER_3",
    ],
    "id": "ZERO_FILTERS_COUNT",
    "name": "Subcategory with filters with no count",
    "parent": "DEFAULT",
  },
  Object {
    "count": 30,
    "filters": Array [
      "OPEN:FILTER_1",
      "OPEN:FILTER_2",
      "OPEN:FILTER_3",
    ],
    "id": "OPEN",
    "name": "Open subcategory",
    "open": true,
    "parent": "DEFAULT",
  },
  Object {
    "count": 64,
    "filters": Array [
      "CATEGORY_2:SUBCATEGORY_1:FILTER_1",
      "CATEGORY_2:SUBCATEGORY_1:FILTER_2",
      "CATEGORY_2:SUBCATEGORY_1:FILTER_3",
      "CATEGORY_2:SUBCATEGORY_1:FILTER_4",
      "CATEGORY_2:SUBCATEGORY_1:FILTER_5",
      "CATEGORY_2:SUBCATEGORY_1:FILTER_6",
    ],
    "id": "CATEGORY_2:SUBCATEGORY_1",
    "name": "Subcategory 1",
    "parent": "CATEGORY_2",
  },
  Object {
    "count": 15,
    "filters": Array [
      "CATEGORY_2:SUBCATEGORY_2:FILTER_1",
    ],
    "id": "CATEGORY_2:SUBCATEGORY_2",
    "name": "Subcategory 2",
    "parent": "CATEGORY_2",
  },
  Object {
    "count": 25,
    "filters": Array [
      "CATEGORY_2:SUBCATEGORY_3:FILTER_1",
      "CATEGORY_2:SUBCATEGORY_3:FILTER_2",
      "CATEGORY_2:SUBCATEGORY_3:FILTER_3",
    ],
    "id": "CATEGORY_2:SUBCATEGORY_3",
    "name": "Subcategory 3",
    "parent": "CATEGORY_2",
  },
  Object {
    "count": 60,
    "filters": Array [
      "CATEGORY_2:SUBCATEGORY_4:FILTER_1",
      "CATEGORY_2:SUBCATEGORY_4:FILTER_2",
      "CATEGORY_2:SUBCATEGORY_4:FILTER_3",
      "CATEGORY_2:SUBCATEGORY_4:FILTER_4",
    ],
    "id": "CATEGORY_2:SUBCATEGORY_4",
    "name": "Subcategory 4",
    "parent": "CATEGORY_2",
  },
  Object {
    "count": 32,
    "filters": Array [
      "CATEGORY_2:SUBCATEGORY_5:FILTER_1",
      "CATEGORY_2:SUBCATEGORY_5:FILTER_2",
    ],
    "id": "CATEGORY_2:SUBCATEGORY_5",
    "name": "Subcategory 5",
    "parent": "CATEGORY_2",
  },
  Object {
    "count": 51,
    "filters": Array [
      "CATEGORY_2:SUBCATEGORY_6:FILTER_1",
      "CATEGORY_2:SUBCATEGORY_6:FILTER_2",
      "CATEGORY_2:SUBCATEGORY_6:FILTER_3",
    ],
    "id": "CATEGORY_2:SUBCATEGORY_6",
    "name": "Subcategory 6",
    "parent": "CATEGORY_2",
  },
]
`;

exports[`FilterPanelUtilities getFiltersArray gets array of filters 1`] = `
Array [
  Object {
    "count": 10,
    "enabled": false,
    "id": "DEFAULT",
    "name": "Filter",
    "parent": "DEFAULT",
  },
  Object {
    "count": 10,
    "enabled": true,
    "id": "SELECTED",
    "name": "Selected filter",
    "parent": "DEFAULT",
  },
  Object {
    "count": 10,
    "enabled": false,
    "id": "LONG_TEXT",
    "name": "Long filter label that overflows out of panel.",
    "parent": "DEFAULT",
  },
  Object {
    "count": 10,
    "enabled": false,
    "id": "TRUNCATED:FILTER_1",
    "name": "Filter 1",
    "parent": "TRUNCATED",
  },
  Object {
    "count": 10,
    "enabled": false,
    "id": "TRUNCATED:FILTER_2",
    "name": "Filter 2",
    "parent": "TRUNCATED",
  },
  Object {
    "count": 10,
    "enabled": false,
    "id": "TRUNCATED:FILTER_3",
    "name": "Filter 3",
    "parent": "TRUNCATED",
  },
  Object {
    "count": 10,
    "enabled": false,
    "id": "TRUNCATED:FILTER_4",
    "name": "Filter 4",
    "parent": "TRUNCATED",
  },
  Object {
    "count": 10,
    "enabled": false,
    "id": "TRUNCATED:FILTER_5",
    "name": "Filter 5",
    "parent": "TRUNCATED",
  },
  Object {
    "count": 10,
    "enabled": false,
    "id": "TRUNCATED:FILTER_6",
    "name": "Filter 6",
    "parent": "TRUNCATED",
  },
  Object {
    "count": 10,
    "enabled": false,
    "id": "TRUNCATED:FILTER_7",
    "name": "Filter 7",
    "parent": "TRUNCATED",
  },
  Object {
    "count": 10,
    "enabled": false,
    "id": "TRUNCATED:FILTER_8",
    "name": "Filter 8",
    "parent": "TRUNCATED",
  },
  Object {
    "count": 10,
    "enabled": false,
    "id": "TRUNCATED:FILTER_9",
    "name": "Filter 9",
    "parent": "TRUNCATED",
  },
  Object {
    "count": 10,
    "enabled": false,
    "id": "TRUNCATED:FILTER_10",
    "name": "Filter 10",
    "parent": "TRUNCATED",
  },
  Object {
    "count": 10,
    "enabled": false,
    "id": "TRUNCATED:FILTER_11",
    "name": "Filter 11",
    "parent": "TRUNCATED",
  },
  Object {
    "count": 10,
    "enabled": false,
    "id": "TRUNCATED:FILTER_12",
    "name": "Filter 12",
    "parent": "TRUNCATED",
  },
  Object {
    "count": 10,
    "enabled": false,
    "id": "TRUNCATED:FILTER_13",
    "name": "Filter 13",
    "parent": "TRUNCATED",
  },
  Object {
    "count": 10,
    "enabled": false,
    "id": "TRUNCATED:FILTER_14",
    "name": "Filter 14",
    "parent": "TRUNCATED",
  },
  Object {
    "count": 10,
    "enabled": false,
    "id": "TRUNCATED:FILTER_15",
    "name": "Filter 15",
    "parent": "TRUNCATED",
  },
  Object {
    "count": 10,
    "enabled": false,
    "id": "TRUNCATED:FILTER_16",
    "name": "Filter 16",
    "parent": "TRUNCATED",
  },
  Object {
    "count": 10,
    "enabled": false,
    "id": "TRUNCATED:FILTER_17",
    "name": "Filter 17",
    "parent": "TRUNCATED",
  },
  Object {
    "count": 10,
    "enabled": false,
    "id": "TRUNCATED:FILTER_18",
    "name": "Filter 18",
    "parent": "TRUNCATED",
  },
  Object {
    "count": 10,
    "enabled": false,
    "id": "TRUNCATED:FILTER_19",
    "name": "Filter 19",
    "parent": "TRUNCATED",
  },
  Object {
    "count": 10,
    "enabled": false,
    "id": "TRUNCATED:FILTER_20",
    "name": "Filter 20",
    "parent": "TRUNCATED",
  },
  Object {
    "count": 0,
    "enabled": false,
    "id": "ZERO_FILTERS_COUNT:FILTER_1",
    "name": "Filter 1",
    "parent": "ZERO_FILTERS_COUNT",
  },
  Object {
    "count": 0,
    "enabled": false,
    "id": "ZERO_FILTERS_COUNT:FILTER_2",
    "name": "Filter 2",
    "parent": "ZERO_FILTERS_COUNT",
  },
  Object {
    "count": 0,
    "enabled": false,
    "id": "ZERO_FILTERS_COUNT:FILTER_3",
    "name": "Filter 3",
    "parent": "ZERO_FILTERS_COUNT",
  },
  Object {
    "count": 10,
    "enabled": false,
    "id": "OPEN:FILTER_1",
    "name": "Filter 1",
    "parent": "OPEN",
  },
  Object {
    "count": 10,
    "enabled": false,
    "id": "OPEN:FILTER_2",
    "name": "Filter 2",
    "parent": "OPEN",
  },
  Object {
    "count": 10,
    "enabled": false,
    "id": "OPEN:FILTER_3",
    "name": "Filter 3",
    "parent": "OPEN",
  },
  Object {
    "count": 5,
    "enabled": false,
    "id": "CATEGORY_2:SUBCATEGORY_1:FILTER_1",
    "name": "Filter 1",
    "parent": "CATEGORY_2:SUBCATEGORY_1",
  },
  Object {
    "count": 12,
    "enabled": false,
    "id": "CATEGORY_2:SUBCATEGORY_1:FILTER_2",
    "name": "Filter 2",
    "parent": "CATEGORY_2:SUBCATEGORY_1",
  },
  Object {
    "count": 19,
    "enabled": false,
    "id": "CATEGORY_2:SUBCATEGORY_1:FILTER_3",
    "name": "Filter 3",
    "parent": "CATEGORY_2:SUBCATEGORY_1",
  },
  Object {
    "count": 22,
    "enabled": false,
    "id": "CATEGORY_2:SUBCATEGORY_1:FILTER_4",
    "name": "Filter 4",
    "parent": "CATEGORY_2:SUBCATEGORY_1",
  },
  Object {
    "count": 5,
    "enabled": false,
    "id": "CATEGORY_2:SUBCATEGORY_1:FILTER_5",
    "name": "Filter 5",
    "parent": "CATEGORY_2:SUBCATEGORY_1",
  },
  Object {
    "count": 1,
    "enabled": false,
    "id": "CATEGORY_2:SUBCATEGORY_1:FILTER_6",
    "name": "Filter 6",
    "parent": "CATEGORY_2:SUBCATEGORY_1",
  },
  Object {
    "count": 15,
    "enabled": false,
    "id": "CATEGORY_2:SUBCATEGORY_2:FILTER_1",
    "name": "Filter 1",
    "parent": "CATEGORY_2:SUBCATEGORY_2",
  },
  Object {
    "count": 13,
    "enabled": false,
    "id": "CATEGORY_2:SUBCATEGORY_3:FILTER_1",
    "name": "Filter 1",
    "parent": "CATEGORY_2:SUBCATEGORY_3",
  },
  Object {
    "count": 3,
    "enabled": false,
    "id": "CATEGORY_2:SUBCATEGORY_3:FILTER_2",
    "name": "Filter 2",
    "parent": "CATEGORY_2:SUBCATEGORY_3",
  },
  Object {
    "count": 9,
    "enabled": false,
    "id": "CATEGORY_2:SUBCATEGORY_3:FILTER_3",
    "name": "Filter 3",
    "parent": "CATEGORY_2:SUBCATEGORY_3",
  },
  Object {
    "count": 26,
    "enabled": false,
    "id": "CATEGORY_2:SUBCATEGORY_4:FILTER_1",
    "name": "Filter 1",
    "parent": "CATEGORY_2:SUBCATEGORY_4",
  },
  Object {
    "count": 4,
    "enabled": false,
    "id": "CATEGORY_2:SUBCATEGORY_4:FILTER_2",
    "name": "Filter 2",
    "parent": "CATEGORY_2:SUBCATEGORY_4",
  },
  Object {
    "count": 27,
    "enabled": false,
    "id": "CATEGORY_2:SUBCATEGORY_4:FILTER_3",
    "name": "Filter 3",
    "parent": "CATEGORY_2:SUBCATEGORY_4",
  },
  Object {
    "count": 3,
    "enabled": false,
    "id": "CATEGORY_2:SUBCATEGORY_4:FILTER_4",
    "name": "Filter 4",
    "parent": "CATEGORY_2:SUBCATEGORY_4",
  },
  Object {
    "count": 10,
    "enabled": false,
    "id": "CATEGORY_2:SUBCATEGORY_5:FILTER_1",
    "name": "Filter 1",
    "parent": "CATEGORY_2:SUBCATEGORY_5",
  },
  Object {
    "count": 22,
    "enabled": false,
    "id": "CATEGORY_2:SUBCATEGORY_5:FILTER_2",
    "name": "Filter 2",
    "parent": "CATEGORY_2:SUBCATEGORY_5",
  },
  Object {
    "count": 24,
    "enabled": false,
    "id": "CATEGORY_2:SUBCATEGORY_6:FILTER_1",
    "name": "Filter 1",
    "parent": "CATEGORY_2:SUBCATEGORY_6",
  },
  Object {
    "count": 7,
    "enabled": false,
    "id": "CATEGORY_2:SUBCATEGORY_6:FILTER_2",
    "name": "Filter 2",
    "parent": "CATEGORY_2:SUBCATEGORY_6",
  },
  Object {
    "count": 20,
    "enabled": false,
    "id": "CATEGORY_2:SUBCATEGORY_6:FILTER_3",
    "name": "Filter 3",
    "parent": "CATEGORY_2:SUBCATEGORY_6",
  },
]
`;

exports[`FilterPanelUtilities getSelectedFiltersArray gets array of filters 1`] = `
Array [
  Object {
    "count": 10,
    "enabled": true,
    "id": "SELECTED",
    "name": "Selected filter",
    "parent": "DEFAULT",
  },
]
`;
