// Jest Snapshot v1, https://goo.gl/fbAQLP

exports[`ExternalLink Rendering renders correctly 1`] = `
<Link
  className="security--link--external"
  href="https://www.ibm.com/security"
  rel="noopener noreferrer"
  target="_blank"
>
  <span
    className="security--link--external__title"
  >
    https://www.ibm.com/security
  </span>
  <span
    className="security--link--external__icon-wrapper"
  >
    <Icon
      className="security--link--external__icon"
      path={null}
      renderIcon={
        Object {
          "$$typeof": Symbol(react.forward_ref),
          "render": [Function],
        }
      }
      size={20}
      viewBox="0 0 32 32"
    />
  </span>
</Link>
`;

exports[`ExternalLink Rendering renders the HTML of the node's subtree 1`] = `
<a
  class="bx--link security--link--external"
  href="https://www.ibm.com/security"
  rel="noopener noreferrer"
  target="_blank"
>
  <span
    class="security--link--external__title"
  >
    https://www.ibm.com/security
  </span>
  <span
    class="security--link--external__icon-wrapper"
  >
    <svg
      aria-hidden="true"
      class="security--icon security--link--external__icon"
      focusable="false"
      height="16"
      preserveAspectRatio="xMidYMid meet"
      style="will-change:transform"
      viewBox="0 0 16 16"
      width="16"
      xmlns="http://www.w3.org/2000/svg"
    >
      <path
        d="M13 14H3c-.6 0-1-.4-1-1V3c0-.6.4-1 1-1h5v1H3v10h10V8h1v5c0 .6-.4 1-1 1z"
      />
      <path
        d="M10 1v1h3.3L9 6.3l.7.7L14 2.7V6h1V1z"
      />
    </svg>
  </span>
</a>
`;
